../source/mwa_coordinator.c:148:6:main_task	16	static
../source/mwa_coordinator.c:182:6:App_init	8	static
../source/mwa_coordinator.c:216:6:AppThread	48	static
../source/mwa_coordinator.c:387:13:UartRxCallBack	32	static
../source/mwa_coordinator.c:418:16:App_StartScan	32	static
../source/mwa_coordinator.c:473:13:App_HandleScanEdConfirm	24	static
../source/mwa_coordinator.c:517:16:App_StartCoordinator	40	static
../source/mwa_coordinator.c:597:15:Coordinator_FindByExtended	24	static
../source/mwa_coordinator.c:610:16:Coordinator_RegisterNode	40	static
../source/mwa_coordinator.c:657:13:Coordinator_PrintNode	16	static
../source/mwa_coordinator.c:697:16:App_SendAssociateResponse	56	static
../source/mwa_coordinator.c:778:16:App_HandleMlmeInput	16	static
../source/mwa_coordinator.c:802:13:App_HandleMcpsInput	32	static
../source/mwa_coordinator.c:856:16:App_WaitMsg	16	static
../source/mwa_coordinator.c:882:13:App_TransmitUartData	24	static
../source/mwa_coordinator.c:954:13:App_HandleKeys	16	static
../source/mwa_coordinator.c:984:14:MLME_NWK_SapHandler	16	static
../source/mwa_coordinator.c:991:14:MCPS_NWK_SapHandler	16	static
