../source/MyNewTask..c:39:13:MyTask_DisplayCounter	16	static
../source/MyNewTask..c:68:6:My_Task	32	static
../source/MyNewTask..c:161:6:MyTask_Init	8	static
../source/MyNewTask..c:185:13:myCounterTimerCallback	16	static
../source/MyNewTask..c:193:6:MyTaskTimer_Stop	8	static
../source/MyNewTask..c:201:6:MyTaskTimer_Start	8	static
../source/MyNewTask..c:209:9:MyTask_GetCounter	8	static
../source/MyNewTask..c:219:6:MyTask_ResetCounter	8	static
../source/MyNewTask..c:232:6:MyTask_ShowCounter	16	static
